###############################################################################
#
# IAR ELF Linker V8.50.4.261/W32 for ARM                  07/Sep/2020  21:05:07
# Copyright 2007-2020 IAR Systems AB.
#
#    Output file  =
#        E:\Working_Directory\My_Files\Project\XinXiang_Cap_Sensor_3\EWARM\Cap_Sensor\Exe\Cap_Sensor.out
#    Map file     =
#        E:\Working_Directory\My_Files\Project\XinXiang_Cap_Sensor_3\EWARM\Cap_Sensor\List\Cap_Sensor.map
#    Command line =
#        -f C:\Users\hp\AppData\Local\Temp\EW6587.tmp
#        (E:\Working_Directory\My_Files\Project\XinXiang_Cap_Sensor_3\EWARM\Cap_Sensor\Obj\adc_bsp.o
#        E:\Working_Directory\My_Files\Project\XinXiang_Cap_Sensor_3\EWARM\Cap_Sensor\Obj\dac_bsp.o
#        E:\Working_Directory\My_Files\Project\XinXiang_Cap_Sensor_3\EWARM\Cap_Sensor\Obj\In_Flash.o
#        E:\Working_Directory\My_Files\Project\XinXiang_Cap_Sensor_3\EWARM\Cap_Sensor\Obj\In_Memory_app.o
#        E:\Working_Directory\My_Files\Project\XinXiang_Cap_Sensor_3\EWARM\Cap_Sensor\Obj\iwdg_bsp.o
#        E:\Working_Directory\My_Files\Project\XinXiang_Cap_Sensor_3\EWARM\Cap_Sensor\Obj\main.o
#        E:\Working_Directory\My_Files\Project\XinXiang_Cap_Sensor_3\EWARM\Cap_Sensor\Obj\ModBus.o
#        E:\Working_Directory\My_Files\Project\XinXiang_Cap_Sensor_3\EWARM\Cap_Sensor\Obj\ModBus_ASCII.o
#        E:\Working_Directory\My_Files\Project\XinXiang_Cap_Sensor_3\EWARM\Cap_Sensor\Obj\ModBus_Conf.o
#        E:\Working_Directory\My_Files\Project\XinXiang_Cap_Sensor_3\EWARM\Cap_Sensor\Obj\ModBus_RTU.o
#        E:\Working_Directory\My_Files\Project\XinXiang_Cap_Sensor_3\EWARM\Cap_Sensor\Obj\Picocap.o
#        E:\Working_Directory\My_Files\Project\XinXiang_Cap_Sensor_3\EWARM\Cap_Sensor\Obj\Picocap_app.o
#        E:\Working_Directory\My_Files\Project\XinXiang_Cap_Sensor_3\EWARM\Cap_Sensor\Obj\spi_bsp.o
#        E:\Working_Directory\My_Files\Project\XinXiang_Cap_Sensor_3\EWARM\Cap_Sensor\Obj\startup_stm32f072xb.o
#        E:\Working_Directory\My_Files\Project\XinXiang_Cap_Sensor_3\EWARM\Cap_Sensor\Obj\stm32f0xx_hal.o
#        E:\Working_Directory\My_Files\Project\XinXiang_Cap_Sensor_3\EWARM\Cap_Sensor\Obj\stm32f0xx_hal_adc.o
#        E:\Working_Directory\My_Files\Project\XinXiang_Cap_Sensor_3\EWARM\Cap_Sensor\Obj\stm32f0xx_hal_adc_ex.o
#        E:\Working_Directory\My_Files\Project\XinXiang_Cap_Sensor_3\EWARM\Cap_Sensor\Obj\stm32f0xx_hal_cortex.o
#        E:\Working_Directory\My_Files\Project\XinXiang_Cap_Sensor_3\EWARM\Cap_Sensor\Obj\stm32f0xx_hal_dac.o
#        E:\Working_Directory\My_Files\Project\XinXiang_Cap_Sensor_3\EWARM\Cap_Sensor\Obj\stm32f0xx_hal_dac_ex.o
#        E:\Working_Directory\My_Files\Project\XinXiang_Cap_Sensor_3\EWARM\Cap_Sensor\Obj\stm32f0xx_hal_dma.o
#        E:\Working_Directory\My_Files\Project\XinXiang_Cap_Sensor_3\EWARM\Cap_Sensor\Obj\stm32f0xx_hal_exti.o
#        E:\Working_Directory\My_Files\Project\XinXiang_Cap_Sensor_3\EWARM\Cap_Sensor\Obj\stm32f0xx_hal_flash.o
#        E:\Working_Directory\My_Files\Project\XinXiang_Cap_Sensor_3\EWARM\Cap_Sensor\Obj\stm32f0xx_hal_flash_ex.o
#        E:\Working_Directory\My_Files\Project\XinXiang_Cap_Sensor_3\EWARM\Cap_Sensor\Obj\stm32f0xx_hal_gpio.o
#        E:\Working_Directory\My_Files\Project\XinXiang_Cap_Sensor_3\EWARM\Cap_Sensor\Obj\stm32f0xx_hal_i2c.o
#        E:\Working_Directory\My_Files\Project\XinXiang_Cap_Sensor_3\EWARM\Cap_Sensor\Obj\stm32f0xx_hal_i2c_ex.o
#        E:\Working_Directory\My_Files\Project\XinXiang_Cap_Sensor_3\EWARM\Cap_Sensor\Obj\stm32f0xx_hal_iwdg.o
#        E:\Working_Directory\My_Files\Project\XinXiang_Cap_Sensor_3\EWARM\Cap_Sensor\Obj\stm32f0xx_hal_msp.o
#        E:\Working_Directory\My_Files\Project\XinXiang_Cap_Sensor_3\EWARM\Cap_Sensor\Obj\stm32f0xx_hal_pwr.o
#        E:\Working_Directory\My_Files\Project\XinXiang_Cap_Sensor_3\EWARM\Cap_Sensor\Obj\stm32f0xx_hal_pwr_ex.o
#        E:\Working_Directory\My_Files\Project\XinXiang_Cap_Sensor_3\EWARM\Cap_Sensor\Obj\stm32f0xx_hal_rcc.o
#        E:\Working_Directory\My_Files\Project\XinXiang_Cap_Sensor_3\EWARM\Cap_Sensor\Obj\stm32f0xx_hal_rcc_ex.o
#        E:\Working_Directory\My_Files\Project\XinXiang_Cap_Sensor_3\EWARM\Cap_Sensor\Obj\stm32f0xx_hal_spi.o
#        E:\Working_Directory\My_Files\Project\XinXiang_Cap_Sensor_3\EWARM\Cap_Sensor\Obj\stm32f0xx_hal_spi_ex.o
#        E:\Working_Directory\My_Files\Project\XinXiang_Cap_Sensor_3\EWARM\Cap_Sensor\Obj\stm32f0xx_hal_tim.o
#        E:\Working_Directory\My_Files\Project\XinXiang_Cap_Sensor_3\EWARM\Cap_Sensor\Obj\stm32f0xx_hal_tim_ex.o
#        E:\Working_Directory\My_Files\Project\XinXiang_Cap_Sensor_3\EWARM\Cap_Sensor\Obj\stm32f0xx_hal_uart.o
#        E:\Working_Directory\My_Files\Project\XinXiang_Cap_Sensor_3\EWARM\Cap_Sensor\Obj\stm32f0xx_hal_uart_ex.o
#        E:\Working_Directory\My_Files\Project\XinXiang_Cap_Sensor_3\EWARM\Cap_Sensor\Obj\stm32f0xx_it.o
#        E:\Working_Directory\My_Files\Project\XinXiang_Cap_Sensor_3\EWARM\Cap_Sensor\Obj\system_stm32f0xx.o
#        E:\Working_Directory\My_Files\Project\XinXiang_Cap_Sensor_3\EWARM\Cap_Sensor\Obj\tim_bsp.o
#        E:\Working_Directory\My_Files\Project\XinXiang_Cap_Sensor_3\EWARM\Cap_Sensor\Obj\TypeConvert.o
#        E:\Working_Directory\My_Files\Project\XinXiang_Cap_Sensor_3\EWARM\Cap_Sensor\Obj\usart_app.o
#        E:\Working_Directory\My_Files\Project\XinXiang_Cap_Sensor_3\EWARM\Cap_Sensor\Obj\usart_bsp.o
#        --redirect _Printf=_PrintfFull --redirect _Scanf=_ScanfFull
#        --no_out_extension -o
#        E:\Working_Directory\My_Files\Project\XinXiang_Cap_Sensor_3\EWARM\Cap_Sensor\Exe\Cap_Sensor.out
#        --map
#        E:\Working_Directory\My_Files\Project\XinXiang_Cap_Sensor_3\EWARM\Cap_Sensor\List\Cap_Sensor.map
#        --config
#        E:\Working_Directory\My_Files\Project\XinXiang_Cap_Sensor_3\EWARM/stm32f072xb_flash.icf
#        --semihosting --entry __iar_program_start --vfe --text_out locale)
#
###############################################################################

*******************************************************************************
*** RUNTIME MODEL ATTRIBUTES
***

CppFlavor       = *
__SystemLibrary = DLib
__dlib_version  = 6


*******************************************************************************
*** HEAP SELECTION
***

The basic heap was selected because no calls to memory allocation
functions were found in the application outside of system library
functions, and there are calls to deallocation functions in the
application.


*******************************************************************************
*** PLACEMENT SUMMARY
***

"A0":  place at address 0x800'3000 { ro section .intvec };
"P1":  place in [from 0x800'3000 to 0x801'afff] { ro };
define block CSTACK with size = 1K, alignment = 8 { };
define block HEAP with size = 0, alignment = 8 { };
"P2":  place in [from 0x2000'00c0 to 0x2000'3f3f] {
          rw, block CSTACK, block HEAP };
initialize by copy { rw };

  Section            Kind         Address    Size  Object
  -------            ----         -------    ----  ------
"A0":                                        0xc0
  .intvec            ro code   0x800'3000    0xc0  startup_stm32f072xb.o [1]
                             - 0x800'30c0    0xc0

"P1":                                      0x7613
  .text              ro code   0x800'30c0  0x19b8  ModBus_Conf.o [1]
  .text              ro code   0x800'4a78    0x4e  ABImemcpy.o [4]
  .text              ro code   0x800'4ac6    0xe0  I32DivModFast.o [4]
  .text              ro code   0x800'4ba6     0x2  startup_stm32f072xb.o [1]
  .text              ro code   0x800'4ba8    0x32  FltToDbl.o [3]
  .text              ro code   0x800'4bda   0x184  DblMul.o [3]
  .text              ro code   0x800'4d5e     0x2  startup_stm32f072xb.o [1]
  .text              ro code   0x800'4d60    0x52  DblToI32.o [3]
  .text              ro code   0x800'4db2   0x1b4  DblAddSub.o [3]
  .text              ro code   0x800'4f66     0x2  startup_stm32f072xb.o [1]
  .text              ro code   0x800'4f68    0x26  FltToU32.o [3]
  .text              ro code   0x800'4f8e     0x2  startup_stm32f072xb.o [1]
  .text              ro code   0x800'4f90   0x10c  In_Memory_app.o [1]
  .text              ro code   0x800'509c   0x794  Picocap_app.o [1]
  .text              ro code   0x800'5830    0x36  IxxToFlt.o [3]
  .text              ro code   0x800'5866    0xc2  DblDiv.o [3]
  .text              ro code   0x800'5928    0x62  DblToFlt.o [3]
  .text              ro code   0x800'598a   0x120  FltAddSub.o [3]
  .text              ro code   0x800'5aaa     0x2  startup_stm32f072xb.o [1]
  .text              ro code   0x800'5aac    0x3a  FltToS32.o [3]
  .text              ro code   0x800'5ae6   0x116  TypeConvert.o [1]
  .text              ro code   0x800'5bfc    0x26  FltCmpLe.o [3]
  .text              ro code   0x800'5c22     0x2  startup_stm32f072xb.o [1]
  .text              ro code   0x800'5c24    0x28  FltCmpGe.o [3]
  .text              ro code   0x800'5c4c   0x2c0  ModBus_ASCII.o [1]
  .text              ro code   0x800'5f0c   0x234  usart_app.o [1]
  .text              ro code   0x800'6140   0x12c  stm32f0xx_hal_cortex.o [1]
  .text              ro code   0x800'626c     0x2  IntDivZer.o [4]
  .text              ro code   0x800'626e     0x2  startup_stm32f072xb.o [1]
  .text              ro code   0x800'6270   0x2e0  In_Flash.o [1]
  .text              ro code   0x800'6550   0x33c  Picocap.o [1]
  .text              ro code   0x800'688c    0x6a  I64DivMod.o [4]
  .text              ro code   0x800'68f6    0xb0  FltMul.o [3]
  .text              ro code   0x800'69a6    0xaa  FltDiv.o [3]
  .text              ro code   0x800'6a50    0xc0  sqrt.o [3]
  .text              ro code   0x800'6b10   0x150  ModBus.o [1]
  .text              ro code   0x800'6c60    0x4e  ABImemset.o [4]
  .text              ro code   0x800'6cae     0x2  startup_stm32f072xb.o [1]
  .text              ro code   0x800'6cb0   0x220  stm32f0xx_hal_gpio.o [1]
  .text              ro code   0x800'6ed0   0x35c  usart_bsp.o [1]
  .text              ro code   0x800'722c   0x19c  stm32f0xx_hal_flash.o [1]
  .text              ro code   0x800'73c8   0x104  stm32f0xx_hal_flash_ex.o [1]
  .text              ro code   0x800'74cc    0x14  memset.o [4]
  .text              ro code   0x800'74e0   0x128  spi_bsp.o [1]
  .text              ro code   0x800'7608    0x28  stm32f0xx_hal.o [1]
  .text              ro code   0x800'7630     0x2  I64DivZer.o [4]
  .text              ro code   0x800'7632     0x2  ModBus.o [1]
  .text              ro code   0x800'7634   0x750  stm32f0xx_hal_uart.o [1]
  .text              ro code   0x800'7d84   0x29a  main.o [1]
  .text              ro code   0x800'801e     0x2  startup_stm32f072xb.o [1]
  .text              ro code   0x800'8020   0x1f8  stm32f0xx_hal_dma.o [1]
  .text              ro code   0x800'8218    0x1e  U64Shr.o [4]
  .text              ro code   0x800'8236     0x2  startup_stm32f072xb.o [1]
  .text              ro code   0x800'8238     0xc  stm32f0xx_hal.o [1]
  .text              ro code   0x800'8244   0x772  stm32f0xx_hal_spi.o [1]
  .text              ro code   0x800'89b6     0x2  startup_stm32f072xb.o [1]
  .text              ro code   0x800'89b8   0x748  stm32f0xx_hal_rcc.o [1]
  .text              ro code   0x800'9100     0x2  stm32f0xx_hal_uart.o [1]
  .text              ro code   0x800'9102     0x2  stm32f0xx_hal_uart.o [1]
  .text              ro code   0x800'9104     0x2  stm32f0xx_hal_uart.o [1]
  .text              ro code   0x800'9106     0x2  startup_stm32f072xb.o [1]
  .text              ro code   0x800'9108    0x20  stm32f0xx_hal.o [1]
  .text              ro code   0x800'9128   0x12c  dac_bsp.o [1]
  .text              ro code   0x800'9254   0x2d4  tim_bsp.o [1]
  .text              ro code   0x800'9528    0x3c  iwdg_bsp.o [1]
  .text              ro code   0x800'9564    0x20  IxxToDbl.o [3]
  .text              ro code   0x800'9584   0x158  stm32f0xx_hal_rcc_ex.o [1]
  .text              ro code   0x800'96dc    0x50  stm32f0xx_hal.o [1]
  .text              ro code   0x800'972c    0x34  stm32f0xx_hal_msp.o [1]
  .text              ro code   0x800'9760    0x54  stm32f0xx_hal_dac.o [1]
  .text              ro code   0x800'97b4    0xb4  stm32f0xx_hal_dac_ex.o [1]
  .text              ro code   0x800'9868   0x5f4  stm32f0xx_hal_tim.o [1]
  .text              ro code   0x800'9e5c    0x78  stm32f0xx_hal_tim_ex.o [1]
  .text              ro code   0x800'9ed4    0x74  stm32f0xx_hal_iwdg.o [1]
  .text              ro code   0x800'9f48     0x2  stm32f0xx_hal_tim.o [1]
  .text              ro code   0x800'9f4a     0x2  startup_stm32f072xb.o [1]
  .rodata            const     0x800'9f4c   0x3b0  Picocap.o [1]
  .text              ro code   0x800'a2fc   0x108  stm32f0xx_hal_adc.o [1]
  .text              ro code   0x800'a404     0x2  stm32f0xx_hal_adc.o [1]
  .text              ro code   0x800'a406     0x2  stm32f0xx_hal_adc.o [1]
  .text              ro code   0x800'a408     0x2  stm32f0xx_hal_adc.o [1]
  .text              ro code   0x800'a40a     0x2  startup_stm32f072xb.o [1]
  .rodata            const     0x800'a40c    0x54  Picocap.o [1]
  .rodata            const     0x800'a460    0x40  In_Memory_app.o [1]
  .text              ro code   0x800'a4a0    0x3c  zero_init3.o [4]
  .text              ro code   0x800'a4dc    0x30  copy_init3.o [4]
  .text              ro code   0x800'a50c    0x28  data_init.o [4]
  .iar.init_table    const     0x800'a534    0x24  - Linker created -
  .rodata            const     0x800'a558    0x20  In_Memory_app.o [1]
  .text              ro code   0x800'a578    0x1e  cmain.o [4]
  .text              ro code   0x800'a596     0x4  low_level_init.o [2]
  .text              ro code   0x800'a59a     0x8  exit.o [2]
  .text              ro code   0x800'a5a2     0x2  startup_stm32f072xb.o [1]
  .text              ro code   0x800'a5a4     0xa  cexit.o [4]
  .text              ro code   0x800'a5ae     0x2  startup_stm32f072xb.o [1]
  .text              ro code   0x800'a5b0    0x14  exit.o [5]
  .text              ro code   0x800'a5c4    0x1c  adc_bsp.o [1]
  .rodata            const     0x800'a5e0    0x18  ModBus_Conf.o [1]
  .text              ro code   0x800'a5f8    0x18  stm32f0xx_hal.o [1]
  .text              ro code   0x800'a610    0x12  stm32f0xx_it.o [1]
  .text              ro code   0x800'a622     0x2  startup_stm32f072xb.o [1]
  .rodata            const     0x800'a624    0x10  stm32f0xx_hal_rcc.o [1]
  .rodata            const     0x800'a634    0x10  stm32f0xx_hal_rcc.o [1]
  .rodata            const     0x800'a644    0x10  system_stm32f0xx.o [1]
  .text              ro code   0x800'a654    0x10  startup_stm32f072xb.o [1]
  .rodata            const     0x800'a664     0xc  ModBus_Conf.o [1]
  .rodata            const     0x800'a670     0xc  ModBus_Conf.o [1]
  .text              ro code   0x800'a67c     0xc  cstartup_M.o [4]
  Initializer bytes  const     0x800'a688     0xc  <for P2-1>
  .text              ro code   0x800'a694     0x2  startup_stm32f072xb.o [1]
  .rodata            const     0x800'a698     0x8  ModBus_Conf.o [1]
  .rodata            const     0x800'a6a0     0x8  ModBus_Conf.o [1]
  .rodata            const     0x800'a6a8     0x8  ModBus_Conf.o [1]
  .rodata            const     0x800'a6b0     0x8  system_stm32f0xx.o [1]
  .rodata            const     0x800'a6b8     0x4  In_Memory_app.o [1]
  .text              ro code   0x800'a6bc     0x2  startup_stm32f072xb.o [1]
  .text              ro code   0x800'a6be     0x2  startup_stm32f072xb.o [1]
  .text              ro code   0x800'a6c0     0x2  startup_stm32f072xb.o [1]
  .text              ro code   0x800'a6c2     0x2  startup_stm32f072xb.o [1]
  .text              ro code   0x800'a6c4     0x2  startup_stm32f072xb.o [1]
  .text              ro code   0x800'a6c6     0x2  startup_stm32f072xb.o [1]
  .text              ro code   0x800'a6c8     0x2  startup_stm32f072xb.o [1]
  .text              ro code   0x800'a6ca     0x2  startup_stm32f072xb.o [1]
  .text              ro code   0x800'a6cc     0x2  startup_stm32f072xb.o [1]
  .text              ro code   0x800'a6ce     0x2  startup_stm32f072xb.o [1]
  .text              ro code   0x800'a6d0     0x2  system_stm32f0xx.o [1]
  .rodata            const     0x800'a6d2     0x1  In_Memory_app.o [1]
  .rodata            const     0x800'a6d3     0x0  zero_init3.o [4]
  .rodata            const     0x800'a6d3     0x0  copy_init3.o [4]
                             - 0x800'a6d3  0x7613

Absolute sections:                           0xc0
  .noinit            uninit   0x2000'0000    0xc0  main.o [1]
                            - 0x2000'00c0    0xc0

"P2", part 1 of 3:                            0xc
  P2-1                        0x2000'00c0     0xa  <Init block>
    .data            inited   0x2000'00c0     0x4  stm32f0xx_hal.o [1]
    .data            inited   0x2000'00c4     0x4  system_stm32f0xx.o [1]
    .data            inited   0x2000'00c8     0x1  stm32f0xx_hal.o [1]
    .data            inited   0x2000'00c9     0x1  usart_app.o [1]
                            - 0x2000'00ca     0xa

"P2", part 2 of 3:                         0x1104
  .bss               zero     0x2000'00d0   0x800  In_Flash.o [1]
  .bss               zero     0x2000'08d0   0x180  Picocap_app.o [1]
  .bss               zero     0x2000'0a50   0x180  Picocap_app.o [1]
  .bss               zero     0x2000'0bd0    0x80  ModBus.o [1]
  .bss               zero     0x2000'0c50    0x80  ModBus.o [1]
  .bss               zero     0x2000'0cd0    0x80  usart_app.o [1]
  .bss               zero     0x2000'0d50    0x80  usart_bsp.o [1]
  .bss               zero     0x2000'0dd0    0x68  ModBus_Conf.o [1]
  .bss               zero     0x2000'0e38    0x64  spi_bsp.o [1]
  .bss               zero     0x2000'0e9c    0x50  ModBus_ASCII.o [1]
  .bss               zero     0x2000'0eec    0x44  adc_bsp.o [1]
  .bss               zero     0x2000'0f30    0x44  usart_bsp.o [1]
  .bss               zero     0x2000'0f74    0x44  usart_bsp.o [1]
  .bss               zero     0x2000'0fb8    0x40  adc_bsp.o [1]
  .bss               zero     0x2000'0ff8    0x40  main.o [1]
  .bss               zero     0x2000'1038    0x40  tim_bsp.o [1]
  .bss               zero     0x2000'1078    0x28  Picocap_app.o [1]
  .bss               zero     0x2000'10a0    0x28  Picocap_app.o [1]
  .bss               zero     0x2000'10c8    0x28  Picocap_app.o [1]
  .bss               zero     0x2000'10f0    0x20  main.o [1]
  .bss               zero     0x2000'1110    0x20  stm32f0xx_hal_flash.o [1]
  .bss               zero     0x2000'1130    0x18  tim_bsp.o [1]
  .bss               zero     0x2000'1148    0x14  dac_bsp.o [1]
  .bss               zero     0x2000'115c    0x14  main.o [1]
  .bss               zero     0x2000'1170    0x14  main.o [1]
  .bss               zero     0x2000'1184    0x10  iwdg_bsp.o [1]
  .bss               zero     0x2000'1194    0x10  main.o [1]
  .bss               zero     0x2000'11a4     0x4  ModBus_Conf.o [1]
  .bss               zero     0x2000'11a8     0x4  ModBus_Conf.o [1]
  .bss               zero     0x2000'11ac     0x4  stm32f0xx_hal.o [1]
  .bss               zero     0x2000'11b0     0x2  ModBus_Conf.o [1]
  .bss               zero     0x2000'11b2     0x2  ModBus_Conf.o [1]
  .bss               zero     0x2000'11b4     0x2  ModBus_Conf.o [1]
  .bss               zero     0x2000'11b6     0x2  ModBus_Conf.o [1]
  .bss               zero     0x2000'11b8     0x2  ModBus_Conf.o [1]
  .bss               zero     0x2000'11ba     0x2  ModBus_Conf.o [1]
  .bss               zero     0x2000'11bc     0x2  ModBus_Conf.o [1]
  .bss               zero     0x2000'11be     0x2  ModBus_Conf.o [1]
  .bss               zero     0x2000'11c0     0x2  ModBus_Conf.o [1]
  .bss               zero     0x2000'11c2     0x2  ModBus_Conf.o [1]
  .bss               zero     0x2000'11c4     0x2  usart_app.o [1]
  .bss               zero     0x2000'11c6     0x2  usart_app.o [1]
  .bss               zero     0x2000'11c8     0x1  ModBus_Conf.o [1]
  .bss               zero     0x2000'11c9     0x1  ModBus_Conf.o [1]
  .bss               zero     0x2000'11ca     0x1  ModBus_Conf.o [1]
  .bss               zero     0x2000'11cb     0x1  Picocap_app.o [1]
  .bss               zero     0x2000'11cc     0x1  usart_app.o [1]
  .bss               zero     0x2000'11cd     0x1  usart_app.o [1]
  .bss               zero     0x2000'11ce     0x1  usart_app.o [1]
                            - 0x2000'11cf  0x1103

"P2", part 3 of 3:                          0x400
  CSTACK                      0x2000'11d0   0x400  <Block>
    CSTACK           uninit   0x2000'11d0   0x400  <Block tail>
                            - 0x2000'15d0   0x400

Unused ranges:

         From           To      Size
         ----           --      ----
   0x800'a6d3   0x801'afff  0x1'092d
  0x2000'15d0  0x2000'3f3f    0x2970


*******************************************************************************
*** INIT TABLE
***

          Address      Size
          -------      ----
Zero (__iar_zero_init3)
    1 destination range, total size 0x10ff:
          0x2000'00d0  0x10ff

Copy (__iar_copy_init3)
    1 source range, total size 0xc (120% of destination):
           0x800'a688     0xc
    1 destination range, total size 0xa:
          0x2000'00c0     0xa



*******************************************************************************
*** MODULE SUMMARY
***

    Module                    ro code  ro data  rw data  rw data
                                                          (abs)
    ------                    -------  -------  -------  -------
command line/config:
    ------------------------------------------------------------
    Total:

E:\Working_Directory\My_Files\Project\XinXiang_Cap_Sensor_3\EWARM\Cap_Sensor\Obj: [1]
    In_Flash.o                    736             2'048
    In_Memory_app.o               268      101
    ModBus.o                      338               256
    ModBus_ASCII.o                704                80
    ModBus_Conf.o               6'584       72      135
    Picocap.o                     828    1'028
    Picocap_app.o               1'940               889
    TypeConvert.o                 278
    adc_bsp.o                      28               132
    dac_bsp.o                     300                20
    iwdg_bsp.o                     60                16
    main.o                        666               152      192
    spi_bsp.o                     296               100
    startup_stm32f072xb.o         264
    stm32f0xx_hal.o               188        5        9
    stm32f0xx_hal_adc.o           270
    stm32f0xx_hal_cortex.o        300
    stm32f0xx_hal_dac.o            84
    stm32f0xx_hal_dac_ex.o        180
    stm32f0xx_hal_dma.o           504
    stm32f0xx_hal_flash.o         412                32
    stm32f0xx_hal_flash_ex.o      260
    stm32f0xx_hal_gpio.o          544
    stm32f0xx_hal_iwdg.o          116
    stm32f0xx_hal_msp.o            52
    stm32f0xx_hal_rcc.o         1'864       32
    stm32f0xx_hal_rcc_ex.o        344
    stm32f0xx_hal_spi.o         1'906
    stm32f0xx_hal_tim.o         1'526
    stm32f0xx_hal_tim_ex.o        120
    stm32f0xx_hal_uart.o        1'878
    stm32f0xx_it.o                 18
    system_stm32f0xx.o              2       28        4
    tim_bsp.o                     724                88
    usart_app.o                   564        1      136
    usart_bsp.o                   860               264
    ------------------------------------------------------------
    Total:                     26'006    1'267    4'361      192

dl6M_tln.a: [2]
    exit.o                          8
    low_level_init.o                4
    ------------------------------------------------------------
    Total:                         12

m6M_tl.a: [3]
    DblAddSub.o                   436
    DblDiv.o                      194
    DblMul.o                      388
    DblToFlt.o                     98
    DblToI32.o                     82
    FltAddSub.o                   288
    FltCmpGe.o                     40
    FltCmpLe.o                     38
    FltDiv.o                      170
    FltMul.o                      176
    FltToDbl.o                     50
    FltToS32.o                     58
    FltToU32.o                     38
    IxxToDbl.o                     32
    IxxToFlt.o                     54
    sqrt.o                        192
    ------------------------------------------------------------
    Total:                      2'334

rt6M_tl.a: [4]
    ABImemcpy.o                    78
    ABImemset.o                    78
    I32DivModFast.o               224
    I64DivMod.o                   106
    I64DivZer.o                     2
    IntDivZer.o                     2
    U64Shr.o                       30
    cexit.o                        10
    cmain.o                        30
    copy_init3.o                   48
    cstartup_M.o                   12
    data_init.o                    40
    memset.o                       20
    zero_init3.o                   60
    ------------------------------------------------------------
    Total:                        740

shb_l.a: [5]
    exit.o                         20
    ------------------------------------------------------------
    Total:                         20

    Gaps                                     2        4
    Linker created                          38    1'024
----------------------------------------------------------------
    Grand Total:               29'112    1'307    5'389      192


*******************************************************************************
*** ENTRY LIST
***

Entry                       Address   Size  Type      Object
-----                       -------   ----  ----      ------
.iar.init_table$$Base    0x800'a534          --   Gb  - Linker created -
.iar.init_table$$Limit   0x800'a558          --   Gb  - Linker created -
?main                    0x800'a579         Code  Gb  cmain.o [4]
ADC1_COMP_IRQHandler     0x800'a5cf    0xa  Code  Gb  adc_bsp.o [1]
AHBPrescTable            0x800'a644   0x10  Data  Gb  system_stm32f0xx.o [1]
APBPrescTable            0x800'a6b0    0x8  Data  Gb  system_stm32f0xx.o [1]
BSP_DAC_Convert          0x800'91b9   0x56  Code  Gb  dac_bsp.o [1]
BSP_DAC_Init             0x800'9129   0x3c  Code  Gb  dac_bsp.o [1]
BSP_Get_DAC              0x800'920f   0x34  Code  Gb  dac_bsp.o [1]
BSP_IWDG_Init            0x800'9529   0x22  Code  Gb  iwdg_bsp.o [1]
BSP_IWDG_Refresh         0x800'954b    0xa  Code  Gb  iwdg_bsp.o [1]
BSP_SPI_Init             0x800'74e1   0x44  Code  Gb  spi_bsp.o [1]
BSP_SPI_Transmit         0x800'75b3   0x1c  Code  Gb  spi_bsp.o [1]
BSP_SPI_TransmitReceive
                         0x800'75cf   0x20  Code  Gb  spi_bsp.o [1]
BSP_UART_CharMatch_Config
                         0x800'7111   0x3c  Code  Gb  usart_bsp.o [1]
BSP_UART_Receive_DMA     0x800'70cf   0x1a  Code  Gb  usart_bsp.o [1]
BSP_UART_ReceiverTimeout_Config
                         0x800'70e9   0x28  Code  Gb  usart_bsp.o [1]
BSP_UART_Transmit_DMA    0x800'70b5   0x1a  Code  Gb  usart_bsp.o [1]
BSP_USART_UART_Init      0x800'6f65   0x4c  Code  Gb  usart_bsp.o [1]
BankUp_Data              0x800'49f7   0x1c  Code  Lc  ModBus_Conf.o [1]
CSTACK$$Base            0x2000'11d0          --   Gb  - Linker created -
CSTACK$$Limit           0x2000'15d0          --   Gb  - Linker created -
Calib_CapMax            0x2000'11a8    0x4  Data  Lc  ModBus_Conf.o [1]
Calib_CapMin            0x2000'11a4    0x4  Data  Lc  ModBus_Conf.o [1]
Calib_DAHigh            0x2000'11b4    0x2  Data  Lc  ModBus_Conf.o [1]
Calib_DALow             0x2000'11b2    0x2  Data  Lc  ModBus_Conf.o [1]
Calib_DAMax             0x2000'11b6    0x2  Data  Lc  ModBus_Conf.o [1]
Calib_DAMin             0x2000'11b0    0x2  Data  Lc  ModBus_Conf.o [1]
Calib_PWM0              0x2000'11b8    0x2  Data  Lc  ModBus_Conf.o [1]
Calib_PWM1              0x2000'11ba    0x2  Data  Lc  ModBus_Conf.o [1]
Calib_PWM2              0x2000'11bc    0x2  Data  Lc  ModBus_Conf.o [1]
Calib_PWM3              0x2000'11be    0x2  Data  Lc  ModBus_Conf.o [1]
Calib_PWM4              0x2000'11c0    0x2  Data  Lc  ModBus_Conf.o [1]
Calib_PWM5              0x2000'11c2    0x2  Data  Lc  ModBus_Conf.o [1]
CapDA_ClibFlag          0x2000'11c8    0x1  Data  Lc  ModBus_Conf.o [1]
CapPWM_ClibFlag         0x2000'11c9    0x1  Data  Lc  ModBus_Conf.o [1]
Company_Name             0x800'a664    0xc  Data  Gb  ModBus_Conf.o [1]
Customer_Code            0x800'a6a8    0x8  Data  Gb  ModBus_Conf.o [1]
DMA1_Channel1_IRQHandler
                         0x800'a5c5    0xa  Code  Gb  adc_bsp.o [1]
DMA1_Channel2_3_IRQHandler
                         0x800'714d   0x10  Code  Gb  usart_bsp.o [1]
DMA_CalcBaseAndBitshift
                         0x800'81f3   0x1a  Code  Lc  stm32f0xx_hal_dma.o [1]
DMA_SetConfig            0x800'81c9   0x2a  Code  Lc  stm32f0xx_hal_dma.o [1]
DataConvertParam_Init    0x800'5169    0xe  Code  Gb  Picocap_app.o [1]
DataFilterParam_Init     0x800'5135   0x34  Code  Gb  Picocap_app.o [1]
Default_DataConvert_Param
                         0x800'a460   0x40  Data  Gb  In_Memory_app.o [1]
Default_FilterFactor     0x800'a6b8    0x4  Data  Gb  In_Memory_app.o [1]
Default_ModBusBaseParam
                         0x800'a558   0x20  Data  Gb  In_Memory_app.o [1]
Device_ID                0x800'a670    0xc  Data  Gb  ModBus_Conf.o [1]
Error_Handler            0x800'801d    0x2  Code  Gb  main.o [1]
FLASH_MassErase          0x800'7475   0x1a  Code  Lc  stm32f0xx_hal_flash_ex.o [1]
FLASH_PageErase          0x800'74a1   0x1e  Code  Gb  stm32f0xx_hal_flash_ex.o [1]
FLASH_Program_HalfWord   0x800'7305   0x18  Code  Lc  stm32f0xx_hal_flash.o [1]
FLASH_SetErrorCode       0x800'7371   0x3e  Code  Lc  stm32f0xx_hal_flash.o [1]
FLASH_WaitForLastOperation
                         0x800'7321   0x50  Code  Gb  stm32f0xx_hal_flash.o [1]
Factory_Data_Reset       0x800'4a13   0x1c  Code  Lc  ModBus_Conf.o [1]
Flash_Buf               0x2000'00d0  0x800  Data  Lc  In_Flash.o [1]
GetAverage               0x800'5b99   0x40  Code  Gb  TypeConvert.o [1]
GetDelExtremeAndAverage
                         0x800'5bd9   0x24  Code  Gb  TypeConvert.o [1]
HAL_ADC_IRQHandler       0x800'a2fd  0x102  Code  Gb  stm32f0xx_hal_adc.o [1]
HAL_DAC_ConfigChannel    0x800'97b5   0x3a  Code  Gb  stm32f0xx_hal_dac_ex.o [1]
HAL_DAC_GetValue         0x800'97ef   0x12  Code  Gb  stm32f0xx_hal_dac_ex.o [1]
HAL_DAC_Init             0x800'9761   0x2c  Code  Gb  stm32f0xx_hal_dac.o [1]
HAL_DAC_MspInit          0x800'9165   0x54  Code  Gb  dac_bsp.o [1]
HAL_DAC_SetValue         0x800'978d   0x28  Code  Gb  stm32f0xx_hal_dac.o [1]
HAL_DAC_Start            0x800'9801   0x64  Code  Gb  stm32f0xx_hal_dac_ex.o [1]
HAL_DMA_IRQHandler       0x800'80fb   0xce  Code  Gb  stm32f0xx_hal_dma.o [1]
HAL_DMA_Init             0x800'8021   0x54  Code  Gb  stm32f0xx_hal_dma.o [1]
HAL_DMA_Start_IT         0x800'8079   0x82  Code  Gb  stm32f0xx_hal_dma.o [1]
HAL_Delay                0x800'7609   0x28  Code  Wk  stm32f0xx_hal.o [1]
HAL_FLASHEx_Erase        0x800'73c9   0xac  Code  Gb  stm32f0xx_hal_flash_ex.o [1]
HAL_FLASH_Lock           0x800'72ed    0xe  Code  Gb  stm32f0xx_hal_flash.o [1]
HAL_FLASH_Program        0x800'722d   0x98  Code  Gb  stm32f0xx_hal_flash.o [1]
HAL_FLASH_Unlock         0x800'72c5   0x28  Code  Gb  stm32f0xx_hal_flash.o [1]
HAL_GPIO_Init            0x800'6cb1  0x1e2  Code  Gb  stm32f0xx_hal_gpio.o [1]
HAL_GPIO_WritePin        0x800'6ead   0x14  Code  Gb  stm32f0xx_hal_gpio.o [1]
HAL_GetTick              0x800'8239    0xc  Code  Wk  stm32f0xx_hal.o [1]
HAL_IWDG_Init            0x800'9ed5   0x5c  Code  Gb  stm32f0xx_hal_iwdg.o [1]
HAL_IWDG_Refresh         0x800'9f31    0xa  Code  Gb  stm32f0xx_hal_iwdg.o [1]
HAL_IncTick              0x800'a5f9   0x18  Code  Wk  stm32f0xx_hal.o [1]
HAL_Init                 0x800'9109   0x1a  Code  Gb  stm32f0xx_hal.o [1]
HAL_InitTick             0x800'96dd   0x50  Code  Wk  stm32f0xx_hal.o [1]
HAL_MspInit              0x800'972d   0x34  Code  Gb  stm32f0xx_hal_msp.o [1]
HAL_NVIC_EnableIRQ       0x800'6231    0xa  Code  Gb  stm32f0xx_hal_cortex.o [1]
HAL_NVIC_SetPriority     0x800'6227    0xa  Code  Gb  stm32f0xx_hal_cortex.o [1]
HAL_NVIC_SystemReset     0x800'623b    0x8  Code  Gb  stm32f0xx_hal_cortex.o [1]
HAL_RCCEx_PeriphCLKConfig
                         0x800'9585  0x134  Code  Gb  stm32f0xx_hal_rcc_ex.o [1]
HAL_RCC_ClockConfig      0x800'8ed1  0x13a  Code  Gb  stm32f0xx_hal_rcc.o [1]
HAL_RCC_GetHCLKFreq      0x800'90ab    0x6  Code  Gb  stm32f0xx_hal_rcc.o [1]
HAL_RCC_GetPCLK1Freq     0x800'90b5   0x18  Code  Gb  stm32f0xx_hal_rcc.o [1]
HAL_RCC_GetSysClockFreq
                         0x800'901d   0x8e  Code  Gb  stm32f0xx_hal_rcc.o [1]
HAL_RCC_OscConfig        0x800'89b9  0x504  Code  Gb  stm32f0xx_hal_rcc.o [1]
HAL_SPI_Init             0x800'8245   0xd0  Code  Gb  stm32f0xx_hal_spi.o [1]
HAL_SPI_MspInit          0x800'7525   0x8e  Code  Gb  spi_bsp.o [1]
HAL_SPI_Transmit         0x800'8315  0x1ea  Code  Gb  stm32f0xx_hal_spi.o [1]
HAL_SPI_TransmitReceive
                         0x800'8509  0x2ec  Code  Gb  stm32f0xx_hal_spi.o [1]
HAL_SYSTICK_Config       0x800'6243    0x8  Code  Gb  stm32f0xx_hal_cortex.o [1]
HAL_TIMEx_MasterConfigSynchronization
                         0x800'9e5d   0x6a  Code  Gb  stm32f0xx_hal_tim_ex.o [1]
HAL_TIM_Base_Init        0x800'9869   0x38  Code  Gb  stm32f0xx_hal_tim.o [1]
HAL_TIM_Base_MspInit     0x800'9403   0x64  Code  Gb  tim_bsp.o [1]
HAL_TIM_ConfigClockSource
                         0x800'9a51   0xec  Code  Gb  stm32f0xx_hal_tim.o [1]
HAL_TIM_MspPostInit      0x800'9467   0x86  Code  Gb  tim_bsp.o [1]
HAL_TIM_PWM_ConfigChannel
                         0x800'994d   0xfe  Code  Gb  stm32f0xx_hal_tim.o [1]
HAL_TIM_PWM_Init         0x800'98a1   0x38  Code  Gb  stm32f0xx_hal_tim.o [1]
HAL_TIM_PWM_Start        0x800'98d9   0x62  Code  Gb  stm32f0xx_hal_tim.o [1]
HAL_UART_CMatchCallback
                         0x800'60b9   0x46  Code  Gb  usart_app.o [1]
HAL_UART_Init            0x800'7635   0x7a  Code  Gb  stm32f0xx_hal_uart.o [1]
HAL_UART_MspInit         0x800'6fb1  0x104  Code  Gb  usart_bsp.o [1]
HAL_UART_Receive_DMA     0x800'776d   0xc8  Code  Gb  stm32f0xx_hal_uart.o [1]
HAL_UART_RxCpltCallback
                         0x800'60ff    0x8  Code  Gb  usart_app.o [1]
HAL_UART_RxTimoCallback
                         0x800'6071   0x48  Code  Gb  usart_app.o [1]
HAL_UART_Transmit_DMA    0x800'76b5   0xb8  Code  Gb  stm32f0xx_hal_uart.o [1]
HAL_UART_TxCpltCallback
                         0x800'6107   0x18  Code  Gb  usart_app.o [1]
HardFault_Handler        0x800'a613    0x4  Code  Gb  stm32f0xx_it.o [1]
Hardware_Version         0x800'a698    0x8  Data  Gb  ModBus_Conf.o [1]
HexToFloat               0x800'5ae7   0x16  Code  Gb  TypeConvert.o [1]
InFlash_Erase_Page       0x800'6505   0x36  Code  Gb  In_Flash.o [1]
InFlash_Read_MultiBytes
                         0x800'64d9   0x2c  Code  Gb  In_Flash.o [1]
InFlash_Read_OneByte     0x800'638b    0xe  Code  Gb  In_Flash.o [1]
InFlash_Write_MultiBytes
                         0x800'6399  0x140  Code  Gb  In_Flash.o [1]
InFlash_Write_OneByte    0x800'6271  0x11a  Code  Gb  In_Flash.o [1]
InMemory_Read_MultiBytes
                         0x800'504f    0xc  Code  Gb  In_Memory_app.o [1]
InMemory_Read_OneByte    0x800'5039    0xa  Code  Gb  In_Memory_app.o [1]
InMemory_SystemParam_Check
                         0x800'4f91   0x88  Code  Gb  In_Memory_app.o [1]
InMemory_Write2T_MultiBytes
                         0x800'505b   0x42  Code  Gb  In_Memory_app.o [1]
InMemory_Write_MultiBytes
                         0x800'5043    0xc  Code  Gb  In_Memory_app.o [1]
InMemory_Write_OneByte   0x800'502d    0xc  Code  Gb  In_Memory_app.o [1]
LL_USART_ClearFlag_RTO   0x800'6f31    0x8  Code  Lc  usart_bsp.o [1]
LL_USART_ConfigNodeAddress
                         0x800'6f05   0x14  Code  Lc  usart_bsp.o [1]
LL_USART_Disable         0x800'6edb    0xa  Code  Lc  usart_bsp.o [1]
LL_USART_DisableIT_CM    0x800'6f51    0xa  Code  Lc  usart_bsp.o [1]
LL_USART_DisableIT_RTO   0x800'6f5b    0xa  Code  Lc  usart_bsp.o [1]
LL_USART_DisableRxTimeout
                         0x800'6efb    0xa  Code  Lc  usart_bsp.o [1]
LL_USART_Enable          0x800'6ed1    0xa  Code  Lc  usart_bsp.o [1]
LL_USART_EnableIT_CM     0x800'6f39    0xc  Code  Lc  usart_bsp.o [1]
LL_USART_EnableIT_RTO    0x800'6f45    0xc  Code  Lc  usart_bsp.o [1]
LL_USART_EnableRxTimeout
                         0x800'6eef    0xc  Code  Lc  usart_bsp.o [1]
LL_USART_IsActiveFlag_RTO
                         0x800'6f25    0xc  Code  Lc  usart_bsp.o [1]
LL_USART_IsEnabled       0x800'6ee5    0xa  Code  Lc  usart_bsp.o [1]
LL_USART_SetRxTimeout    0x800'6f19    0xc  Code  Lc  usart_bsp.o [1]
MB_CapDAOut_Calibration
                         0x800'48c1   0x72  Code  Gb  ModBus_Conf.o [1]
MB_CapPWMOut_Calibration
                         0x800'493d   0x78  Code  Gb  ModBus_Conf.o [1]
MB_Cap_Calibration       0x800'4883   0x36  Code  Gb  ModBus_Conf.o [1]
MB_Freeze                0x800'49cd    0x8  Code  Lc  ModBus_Conf.o [1]
MB_SendData_NoCheck      0x800'49e7   0x10  Code  Lc  ModBus_Conf.o [1]
MB_System_Reset          0x800'49d5   0x12  Code  Lc  ModBus_Conf.o [1]
MB_USART_ReInit          0x800'49b5   0x18  Code  Lc  ModBus_Conf.o [1]
MODBUS_ASCII_AsciiPacketToRtuPacket
                         0x800'5d05   0x54  Code  Gb  ModBus_ASCII.o [1]
MODBUS_ASCII_AsciiToHex
                         0x800'5c8f   0x50  Code  Gb  ModBus_ASCII.o [1]
MODBUS_ASCII_CheckAscii
                         0x800'5d91   0x56  Code  Gb  ModBus_ASCII.o [1]
MODBUS_ASCII_HexToAscii
                         0x800'5c4d   0x42  Code  Gb  ModBus_ASCII.o [1]
MODBUS_ASCII_RecvData    0x800'5de7   0x82  Code  Gb  ModBus_ASCII.o [1]
MODBUS_ASCII_RtuPacketToAsciiPacket
                         0x800'5d59   0x38  Code  Gb  ModBus_ASCII.o [1]
MODBUS_ASCII_SendData    0x800'5e69   0x94  Code  Gb  ModBus_ASCII.o [1]
MODBUS_GetLrc            0x800'5cdf   0x26  Code  Gb  ModBus_ASCII.o [1]
ModBus_Init              0x800'6b11   0x26  Code  Gb  ModBus.o [1]
ModBus_ReadPreHandle     0x800'30c1   0x66  Code  Lc  ModBus_Conf.o [1]
ModBus_Receive_Buf      0x2000'0bd0   0x80  Data  Lc  ModBus.o [1]
ModBus_Send_Buf         0x2000'0c50   0x80  Data  Lc  ModBus.o [1]
ModBus_WritePreHandle    0x800'3127   0x66  Code  Lc  ModBus_Conf.o [1]
ModbusAutoUpload         0x800'4801   0x82  Code  Gb  ModBus_Conf.o [1]
ModbusFunc03             0x800'318d  0x1be  Code  Gb  ModBus_Conf.o [1]
ModbusFunc04             0x800'334b  0x140  Code  Gb  ModBus_Conf.o [1]
ModbusFunc05             0x800'3495  0x142  Code  Gb  ModBus_Conf.o [1]
ModbusFunc05::CalibFlag
                        0x2000'11ca    0x1  Data  Lc  ModBus_Conf.o [1]
ModbusFunc10             0x800'35f5  0x2cc  Code  Gb  ModBus_Conf.o [1]
ModbusFunc25             0x800'38cd  0x256  Code  Gb  ModBus_Conf.o [1]
ModbusFunc26             0x800'3b35  0x264  Code  Gb  ModBus_Conf.o [1]
ModbusFunc27             0x800'3d9d  0x6d4  Code  Gb  ModBus_Conf.o [1]
ModbusFunc2B             0x800'4491  0x2f0  Code  Gb  ModBus_Conf.o [1]
ModbusFunc41             0x800'4781   0x78  Code  Gb  ModBus_Conf.o [1]
ModbusHandle             0x800'6b6d   0xf4  Code  Gb  ModBus.o [1]
NMI_Handler              0x800'a611    0x2  Code  Gb  stm32f0xx_it.o [1]
PCap_Enable              0x800'6683   0x38  Code  Gb  Picocap.o [1]
PCap_GetTemp             0x800'57d3   0x3e  Code  Gb  Picocap_app.o [1]
PCap_Init                0x800'659d   0x5c  Code  Gb  Picocap.o [1]
PCap_Measure             0x800'6655   0x2e  Code  Gb  Picocap.o [1]
PCap_NSS_Config          0x800'6551   0x4c  Code  Lc  Picocap.o [1]
PCap_PTL_Reset           0x800'6627   0x2e  Code  Gb  Picocap.o [1]
PCap_Reg_Config          0x800'6781   0x68  Code  Gb  Picocap.o [1]
PCap_Res_Data            0x800'6841   0x4c  Code  Gb  Picocap.o [1]
PCap_Res_Sta             0x800'67f9   0x48  Code  Gb  Picocap.o [1]
PCap_Reset               0x800'65f9   0x2e  Code  Gb  Picocap.o [1]
PCap_WR_SRAM             0x800'66bb   0xc6  Code  Gb  Picocap.o [1]
PendSV_Handler           0x800'a619    0x2  Code  Gb  stm32f0xx_it.o [1]
Product_Code             0x800'a5e0   0x18  Data  Gb  ModBus_Conf.o [1]
REG                      0x800'a40c   0x54  Data  Gb  Picocap.o [1]
RX_CMatch_Flag          0x2000'11ce    0x1  Data  Lc  usart_app.o [1]
RX_Len                  0x2000'11c4    0x2  Data  Lc  usart_app.o [1]
RX_OverRun_Flag         0x2000'11cc    0x1  Data  Lc  usart_app.o [1]
RX_Updata_Flag          0x2000'11cd    0x1  Data  Lc  usart_app.o [1]
Region$$Table$$Base      0x800'a534          --   Gb  - Linker created -
Region$$Table$$Limit     0x800'a558          --   Gb  - Linker created -
SPI_EndRxTxTransaction   0x800'894d   0x6a  Code  Lc  stm32f0xx_hal_spi.o [1]
SPI_WaitFifoStateUntilTimeout
                         0x800'889f   0xa8  Code  Lc  stm32f0xx_hal_spi.o [1]
SPI_WaitFlagStateUntilTimeout
                         0x800'87fd   0xa2  Code  Lc  stm32f0xx_hal_spi.o [1]
SRAM_DATA                0x800'9f4c  0x3b0  Data  Gb  Picocap.o [1]
SVC_Handler              0x800'a617    0x2  Code  Gb  stm32f0xx_it.o [1]
Send_Buf                0x2000'0e9c   0x50  Data  Lc  ModBus_ASCII.o [1]
Send_Data                0x800'6b41   0x2c  Code  Gb  ModBus.o [1]
Sensor_DataFilter        0x800'51bf  0x216  Code  Gb  Picocap_app.o [1]
Sensor_DataFilter::DataResBuf
                        0x2000'10c8   0x28  Data  Lc  Picocap_app.o [1]
Sensor_DataFilter::DataResBuf_Count
                        0x2000'11cb    0x1  Data  Lc  Picocap_app.o [1]
Sensor_DataFilter::Data_1st_FilterBuf
                        0x2000'08d0  0x180  Data  Lc  Picocap_app.o [1]
Sensor_DataFilter::Data_1st_FilterBufBak
                        0x2000'0a50  0x180  Data  Lc  Picocap_app.o [1]
Sensor_DataFilter::Data_2nd_FilterBuf
                        0x2000'1078   0x28  Data  Lc  Picocap_app.o [1]
Sensor_DataFilter::Data_2nd_FilterBufBak
                        0x2000'10a0   0x28  Data  Lc  Picocap_app.o [1]
Sensor_PCap_DA_Convert   0x800'5489  0x184  Code  Gb  Picocap_app.o [1]
Sensor_PCap_DataConvert
                         0x800'53d5   0x9e  Code  Gb  Picocap_app.o [1]
Sensor_PCap_GetResult    0x800'5177   0x48  Code  Gb  Picocap_app.o [1]
Sensor_PCap_PWM_Convert
                         0x800'561d  0x1b6  Code  Gb  Picocap_app.o [1]
Sensor_USART_Clear_RX_Updata_Flag
                         0x800'6061    0x8  Code  Gb  usart_app.o [1]
Sensor_USART_Clear_TX_Cplt_Flag
                         0x800'6069    0x8  Code  Gb  usart_app.o [1]
Sensor_USART_GetReceData
                         0x800'5fe9   0x6c  Code  Gb  usart_app.o [1]
Sensor_USART_Get_RX_Updata_Flag
                         0x800'6055    0x6  Code  Gb  usart_app.o [1]
Sensor_USART_Get_TX_Cplt_Flag
                         0x800'605b    0x6  Code  Gb  usart_app.o [1]
Sensor_USART_Init        0x800'5f5b   0x8e  Code  Gb  usart_app.o [1]
Software_Version         0x800'a6a0    0x8  Data  Gb  ModBus_Conf.o [1]
SortArrayExtreme         0x800'5afd   0x9c  Code  Gb  TypeConvert.o [1]
SwitchCurFilter          0x800'509d   0x98  Code  Gb  Picocap_app.o [1]
SysTick_Config           0x800'61f7   0x30  Code  Lc  stm32f0xx_hal_cortex.o [1]
SysTick_Handler          0x800'a61b    0x8  Code  Gb  stm32f0xx_it.o [1]
SystemClock_Config       0x800'7f95   0x88  Code  Gb  main.o [1]
SystemCoreClock         0x2000'00c4    0x4  Data  Gb  system_stm32f0xx.o [1]
SystemInit               0x800'a6d1    0x2  Code  Gb  system_stm32f0xx.o [1]
System_Param_Buf        0x2000'0dd0   0x68  Data  Gb  ModBus_Conf.o [1]
System_Param_Flag        0x800'a6d2    0x1  Data  Gb  In_Memory_app.o [1]
TIM3_PWM_Get             0x800'939b   0x68  Code  Lc  tim_bsp.o [1]
TIM3_PWM_Init            0x800'9255   0xa6  Code  Lc  tim_bsp.o [1]
TIM3_PWM_Set             0x800'9307   0x94  Code  Lc  tim_bsp.o [1]
TIM3_PWM_Start           0x800'92fb    0xc  Code  Lc  tim_bsp.o [1]
TIM_Base_SetConfig       0x800'9b41   0x86  Code  Gb  stm32f0xx_hal_tim.o [1]
TIM_CCxChannelCmd        0x800'9e3d   0x20  Code  Gb  stm32f0xx_hal_tim.o [1]
TIM_DevObj_Init          0x800'94ed   0x14  Code  Gb  tim_bsp.o [1]
TIM_ETR_SetConfig        0x800'9e11   0x16  Code  Gb  stm32f0xx_hal_tim.o [1]
TIM_ITRx_SetConfig       0x800'9e01   0x10  Code  Lc  stm32f0xx_hal_tim.o [1]
TIM_OC1_SetConfig        0x800'9bc7   0x7c  Code  Lc  stm32f0xx_hal_tim.o [1]
TIM_OC2_SetConfig        0x800'9c43   0x74  Code  Gb  stm32f0xx_hal_tim.o [1]
TIM_OC3_SetConfig        0x800'9cb7   0x70  Code  Lc  stm32f0xx_hal_tim.o [1]
TIM_OC4_SetConfig        0x800'9d35   0x56  Code  Lc  stm32f0xx_hal_tim.o [1]
TIM_TI1_ConfigInputStage
                         0x800'9da5   0x24  Code  Lc  stm32f0xx_hal_tim.o [1]
TIM_TI2_ConfigInputStage
                         0x800'9dcd   0x26  Code  Lc  stm32f0xx_hal_tim.o [1]
TX_Cplt_Flag            0x2000'00c9    0x1  Data  Lc  usart_app.o [1]
UART_AdvFeatureConfig    0x800'7a45   0xde  Code  Gb  stm32f0xx_hal_uart.o [1]
UART_CheckIdleState      0x800'7b31   0x60  Code  Gb  stm32f0xx_hal_uart.o [1]
UART_DMAError            0x800'7d33   0x48  Code  Lc  stm32f0xx_hal_uart.o [1]
UART_DMAReceiveCplt      0x800'7cbd   0x40  Code  Lc  stm32f0xx_hal_uart.o [1]
UART_DMARxHalfCplt       0x800'7d29    0xa  Code  Lc  stm32f0xx_hal_uart.o [1]
UART_DMATransmitCplt     0x800'7c81   0x32  Code  Lc  stm32f0xx_hal_uart.o [1]
UART_DMATxHalfCplt       0x800'7cb3    0xa  Code  Lc  stm32f0xx_hal_uart.o [1]
UART_EndRxTransfer       0x800'7c57   0x22  Code  Lc  stm32f0xx_hal_uart.o [1]
UART_EndTxTransfer       0x800'7c45   0x12  Code  Lc  stm32f0xx_hal_uart.o [1]
UART_SetConfig           0x800'7849  0x1f0  Code  Gb  stm32f0xx_hal_uart.o [1]
UART_WaitOnFlagUntilTimeout
                         0x800'7b99   0xa8  Code  Gb  stm32f0xx_hal_uart.o [1]
USART1_IRQHandler        0x800'7165   0xa0  Code  Gb  usart_bsp.o [1]
USART_Receive_Buf       0x2000'0cd0   0x80  Data  Lc  usart_app.o [1]
Used_RX_Len             0x2000'11c6    0x2  Data  Lc  usart_app.o [1]
VectorTable             0x2000'0000   0xc0  Data  Gb  main.o [1]
_485_RE_DE_GPIO_Init     0x800'5f0d   0x4e  Code  Lc  usart_app.o [1]
__ICFEDIT_region_RAM_end__ {Abs}
                        0x2000'3f3f         Data  Gb  <internal module>
__ICFEDIT_region_RAM_start__ {Abs}
                        0x2000'00c0         Data  Gb  <internal module>
__NVIC_EnableIRQ         0x800'6141   0x18  Code  Lc  stm32f0xx_hal_cortex.o [1]
__NVIC_SetPriority       0x800'6159   0x8a  Code  Lc  stm32f0xx_hal_cortex.o [1]
__NVIC_SystemReset       0x800'61e3   0x14  Code  Lc  stm32f0xx_hal_cortex.o [1]
__aeabi_cfcmple          0x800'5bfd         Code  Gb  FltCmpLe.o [3]
__aeabi_cfrcmple         0x800'5c25         Code  Gb  FltCmpGe.o [3]
__aeabi_d2f              0x800'5929         Code  Gb  DblToFlt.o [3]
__aeabi_d2iz             0x800'4d61         Code  Gb  DblToI32.o [3]
__aeabi_d2uiz            0x800'4d85         Code  Gb  DblToI32.o [3]
__aeabi_dadd             0x800'4db3         Code  Gb  DblAddSub.o [3]
__aeabi_ddiv             0x800'5867         Code  Gb  DblDiv.o [3]
__aeabi_dmul             0x800'4bdb         Code  Gb  DblMul.o [3]
__aeabi_dsub             0x800'4e79         Code  Gb  DblAddSub.o [3]
__aeabi_f2d              0x800'4ba9         Code  Gb  FltToDbl.o [3]
__aeabi_f2iz             0x800'5aad         Code  Gb  FltToS32.o [3]
__aeabi_f2uiz            0x800'4f69         Code  Gb  FltToU32.o [3]
__aeabi_fadd             0x800'598b         Code  Gb  FltAddSub.o [3]
__aeabi_fdiv             0x800'69a7         Code  Gb  FltDiv.o [3]
__aeabi_fmul             0x800'68f7         Code  Gb  FltMul.o [3]
__aeabi_fsub             0x800'59fb         Code  Gb  FltAddSub.o [3]
__aeabi_i2f              0x800'5851         Code  Gb  IxxToFlt.o [3]
__aeabi_idiv             0x800'4af3         Code  Gb  I32DivModFast.o [4]
__aeabi_idiv0            0x800'626d         Code  Gb  IntDivZer.o [4]
__aeabi_idivmod          0x800'4af3         Code  Gb  I32DivModFast.o [4]
__aeabi_ldiv0            0x800'7631         Code  Gb  I64DivZer.o [4]
__aeabi_llsr             0x800'8219         Code  Gb  U64Shr.o [4]
__aeabi_memcpy           0x800'4aad         Code  Gb  ABImemcpy.o [4]
__aeabi_memcpy4          0x800'4a79         Code  Gb  ABImemcpy.o [4]
__aeabi_memcpy8          0x800'4a79         Code  Gb  ABImemcpy.o [4]
__aeabi_memset           0x800'6c61         Code  Gb  ABImemset.o [4]
__aeabi_ui2d             0x800'9565         Code  Gb  IxxToDbl.o [3]
__aeabi_ui2f             0x800'5831         Code  Gb  IxxToFlt.o [3]
__aeabi_uidiv            0x800'4af9         Code  Gb  I32DivModFast.o [4]
__aeabi_uidivmod         0x800'4af9         Code  Gb  I32DivModFast.o [4]
__aeabi_uldivmod         0x800'688d         Code  Gb  I64DivMod.o [4]
__cmain                  0x800'a579         Code  Gb  cmain.o [4]
__exit                   0x800'a5b1   0x14  Code  Gb  exit.o [5]
__iar_Memcpy             0x800'4ab9         Code  Gb  ABImemcpy.o [4]
__iar_Memset4_word       0x800'6c81         Code  Gb  ABImemset.o [4]
__iar_Memset_word        0x800'6c6d         Code  Gb  ABImemset.o [4]
__iar_copy_init3         0x800'a4dd   0x30  Code  Gb  copy_init3.o [4]
__iar_d2uiz              0x800'4d89         Code  Gb  DblToI32.o [3]
__iar_data_init3         0x800'a50d   0x28  Code  Gb  data_init.o [4]
__iar_program_start      0x800'a67d         Code  Gb  cstartup_M.o [4]
__iar_sqrt64             0x800'6a51         Code  Gb  sqrt.o [3]
__iar_zero_init3         0x800'a4a1   0x3c  Code  Gb  zero_init3.o [4]
__low_level_init         0x800'a597    0x4  Code  Gb  low_level_init.o [2]
__vector_table           0x800'3000         Data  Gb  startup_stm32f072xb.o [1]
_call_main               0x800'a585         Code  Gb  cmain.o [4]
_exit                    0x800'a5a5         Code  Gb  cexit.o [4]
_main                    0x800'a593         Code  Gb  cmain.o [4]
exit                     0x800'a59b    0x8  Code  Gb  exit.o [2]
hadc                    0x2000'0fb8   0x40  Data  Lc  adc_bsp.o [1]
hdac                    0x2000'1148   0x14  Data  Lc  dac_bsp.o [1]
hdma_adc                0x2000'0eec   0x44  Data  Lc  adc_bsp.o [1]
hdma_usart_rx           0x2000'0f30   0x44  Data  Lc  usart_bsp.o [1]
hdma_usart_tx           0x2000'0f74   0x44  Data  Lc  usart_bsp.o [1]
hiwdg                   0x2000'1184   0x10  Data  Lc  iwdg_bsp.o [1]
hspi1                   0x2000'0e38   0x64  Data  Lc  spi_bsp.o [1]
htim3                   0x2000'1038   0x40  Data  Lc  tim_bsp.o [1]
huart                   0x2000'0d50   0x80  Data  Gb  usart_bsp.o [1]
main                     0x800'7d85  0x1ce  Code  Gb  main.o [1]
main::DataConvert_Out   0x2000'115c   0x14  Data  Lc  main.o [1]
main::DataConvert_Param
                        0x2000'0ff8   0x40  Data  Lc  main.o [1]
main::FilterParam       0x2000'1194   0x10  Data  Lc  main.o [1]
main::ModBusBaseParam   0x2000'10f0   0x20  Data  Lc  main.o [1]
main::ModBus_Device     0x2000'1170   0x14  Data  Lc  main.o [1]
memset                   0x800'74cd   0x14  Code  Gb  memset.o [4]
pFlash                  0x2000'1110   0x20  Data  Gb  stm32f0xx_hal_flash.o [1]
sqrt                     0x800'6a51         Code  Gb  sqrt.o [3]
sqrtl                    0x800'6a51         Code  Gb  sqrt.o [3]
tim_dev                 0x2000'1130   0x18  Data  Gb  tim_bsp.o [1]
uwTick                  0x2000'11ac    0x4  Data  Gb  stm32f0xx_hal.o [1]
uwTickFreq              0x2000'00c8    0x1  Data  Gb  stm32f0xx_hal.o [1]
uwTickPrio              0x2000'00c0    0x4  Data  Gb  stm32f0xx_hal.o [1]


[1] = E:\Working_Directory\My_Files\Project\XinXiang_Cap_Sensor_3\EWARM\Cap_Sensor\Obj
[2] = dl6M_tln.a
[3] = m6M_tl.a
[4] = rt6M_tl.a
[5] = shb_l.a

  29'112 bytes of readonly  code memory
   1'307 bytes of readonly  data memory
   5'389 bytes of readwrite data memory (+ 192 absolute)

Errors: none
Warnings: none
